derive_final: joined 5725 senses
  enriched (03) rows: 5725
  ipa (05) rows:      5725
  manifest rows:      17175
  overrides:          71

Gap stats:
  missing_audio_word: 0
  missing_audio_example: 0
  missing_audio_en_example: 0
  missing_voice_id: 0
  missing_voice_id_en: 0
  missing_md5_word: 0
  missing_md5_example: 0
  missing_md5_en_example: 0
  voice_mismatch: 0
  en_voice_pairing_mismatch: 0
  asr_override_applied: 71
  family_root_blank: 5725
  source_line_blank: 0
  usage_hint_essential: 43
  usage_hint_useful_kept: 23
  usage_hint_useful_dropped: 2
  usage_hint_omit: 15
  usage_hint_risk_note_only: 1
  usage_hint_total_shipped: 66
  risk_note_shipped: 1
